[90m2025-08-11T17:29:14.937Z[39m [96mINFO[39m [97m@wdio/browserstack-service[39m BrowserStack service started with id: 2e8ca255-7a03-45eb-ab72-b937770bbcc9
[90m2025-08-11T17:29:14.938Z[39m [32mDEBUG[39m [97m@wdio/browserstack-service[39m Sending SDK event with data {
  userName: '[REDACTED]',
  accessKey: '[REDACTED]',
  event_type: 'SDKTestAttempted',
  detectedFramework: 'WebdriverIO-mocha',
  event_properties: {
    sdkRunId: '2e8ca255-7a03-45eb-ab72-b937770bbcc9',
    testhub_uuid: undefined,
    language_framework: 'WebdriverIO_mocha',
    referrer: 'WebdriverIO-mocha/9.18.4',
    language: 'WebdriverIO',
    languageVersion: 'v22.15.1',
    buildName: 'undefined',
    buildIdentifier: 'undefined',
    os: 'Darwin',
    hostname: 'Adarsh-RG9M5920FF',
    productMap: {
      observability: true,
      accessibility: null,
      percy: false,
      automate: true,
      app_automate: false
    },
    product: [ 'observability', 'automate' ],
    framework: 'mocha'
  }
}
[90m2025-08-11T17:29:15.278Z[39m [32mDEBUG[39m [97m@wdio/browserstack-service[39m Funnel Event Response: "{\"message\":\"SDK Event recorded successfully\"}"
[90m2025-08-11T17:29:15.279Z[39m [32mDEBUG[39m [97m@wdio/browserstack-service[39m Funnel event success
[90m2025-08-11T17:29:15.279Z[39m [32mDEBUG[39m [97m@wdio/browserstack-service[39m app is not defined in browserstack-service config, skipping ...
[90m2025-08-11T17:29:15.279Z[39m [32mDEBUG[39m [97m@wdio/browserstack-service[39m Sending launch start event
[90m2025-08-11T17:29:17.165Z[39m [32mDEBUG[39m [97m@wdio/browserstack-service[39m [Start_Build] Success response: {"observability":{"success":true,"options":{"allow_screenshots":true},"code":null,"errors":null,"error_trace_id":null},"accessibility":null,"automate":{"success":true,"options":{"allow_screenshots":true},"code":null,"errors":null,"error_trace_id":null},"turboscale":null,"build_hashed_id":"tctkh87vlqwa1t5hunkc3rduakecn6nnovhjxign","jwt":"eyJhbGciOiJIUzI1NiJ9.eyJpc3MiOiJicm93c2Vyc3RhY2tfb2IiLCJzdWIiOiI2NDIzNzgxIiwiZ3JvdXBfaWQiOjYzMzc1MzcsInVzZXJfaWQiOjY0MjM3ODEsImJ1aWxkX2hhc2hlZF9pZCI6InRjdGtoODd2bHF3YTF0NWh1bmtjM3JkdWFrZWNuNm5ub3ZoanhpZ24iLCJob29rX2FzX3Rlc3QiOiIxIiwiYnVpbGRfbmFtZSI6IndkaW9fbW9ja3Nfc3BpZXMiLCJwcm9kdWN0X21hcCI6IntcIm9ic2VydmFiaWxpdHlcIjp0cnVlLFwiYXV0b21hdGVcIjp0cnVlLFwib3JpZ2luRnJvbVByb2R1Y3RNYXBcIjpcIkF1dG9tYXRlXCIsXCJic3RhY2tBdXRvbWF0aW9uXCI6dHJ1ZSxcImNhZFwiOnRydWUsXCJub25TREtcIjpmYWxzZSxcImFjY2Vzc2liaWxpdHlBdXRvRW5hYmxlZFwiOnRydWV9IiwiZ3JyX3JlZ2lvbiI6IiIsImlzX2xvd192b2x1bWUiOmZhbHNlLCJzaWduaW5nX2tleV9oYXNoIjoiMzdjMTEzMWU0YjJlNzQzYzc2NmUxZDcwYmY1ZjJiNTdkYzY5YjE5NWQzMDBlMzJhZThkMDIzMTIwYTRhNmQ5NyIsImlhdCI6MTc1NDkzMzM1NiwiZXhwIjoxNzU1Mjc4OTU2fQ.xHHJ7ps_nqJ9ntkHu8Fw7Jx6h2x8J4aDdo3gUV0s1So","discard_build":null,"app_automate":null}
[90m2025-08-11T17:29:17.165Z[39m [96mINFO[39m [97m@wdio/browserstack-service[39m Testhub started with id: tctkh87vlqwa1t5hunkc3rduakecn6nnovhjxign
[90m2025-08-11T17:29:28.486Z[39m [96mINFO[39m [97m@wdio/browserstack-service[39m Browserstack Local successfully started after 13511.333999999999ms
[90m2025-08-11T17:29:51.168Z[39m [32mDEBUG[39m [97m@wdio/browserstack-service[39m Skipping method: Console, exists: true, type: function
[90m2025-08-11T17:29:51.190Z[39m [32mDEBUG[39m [97m@wdio/browserstack-service[39m Requesting Browserstack session URL at https://api.browserstack.com/automate/sessions/9857cb29614c0044a93adfef580c9b3903155a12.json
[90m2025-08-11T17:29:51.522Z[39m [96mINFO[39m [97m@wdio/browserstack-service[39m Windows 11 chrome latest session: https://automate.browserstack.com/builds/6a435c0f3a0f5d7bdce49b2c1dcced2a48347347/sessions/9857cb29614c0044a93adfef580c9b3903155a12
[90m2025-08-11T17:29:51.527Z[39m [96mINFO[39m [97m@wdio/browserstack-service[39m Update job with sessionId 9857cb29614c0044a93adfef580c9b3903155a12
[90m2025-08-11T17:29:51.527Z[39m [32mDEBUG[39m [97m@wdio/browserstack-service[39m Updating Browserstack session at https://api.browserstack.com/automate/sessions/9857cb29614c0044a93adfef580c9b3903155a12.json with request body: 
[90m2025-08-11T17:29:51.856Z[39m [32mDEBUG[39m [97m@wdio/browserstack-service[39m Got osVersion from user bstack options
[90m2025-08-11T17:29:51.856Z[39m [32mDEBUG[39m [97m@wdio/browserstack-service[39m Added data to request queue. Queue length = 1
[90m2025-08-11T17:29:51.857Z[39m [32mDEBUG[39m [97m@wdio/browserstack-service[39m Got osVersion from user bstack options
[90m2025-08-11T17:29:51.857Z[39m [32mDEBUG[39m [97m@wdio/browserstack-service[39m Added data to request queue. Queue length = 2
[90m2025-08-11T17:29:51.858Z[39m [96mINFO[39m [97m@wdio/browserstack-service[39m Update job with sessionId 9857cb29614c0044a93adfef580c9b3903155a12
[90m2025-08-11T17:29:51.858Z[39m [32mDEBUG[39m [97m@wdio/browserstack-service[39m Updating Browserstack session at https://api.browserstack.com/automate/sessions/9857cb29614c0044a93adfef580c9b3903155a12.json with request body: 
[90m2025-08-11T17:29:52.210Z[39m [32mDEBUG[39m [97m@wdio/browserstack-service[39m Got osVersion from user bstack options
[90m2025-08-11T17:29:52.210Z[39m [32mDEBUG[39m [97m@wdio/browserstack-service[39m Added data to request queue. Queue length = 3
[90m2025-08-11T17:29:53.857Z[39m [32mDEBUG[39m [97m@wdio/browserstack-service[39m Sending data from request queue. Data length = 3, Queue length after removal = 0
[90m2025-08-11T17:29:53.857Z[39m [32mDEBUG[39m [97m@wdio/browserstack-service[39m calling callback with kind INTERVAL_QUEUE
[90m2025-08-11T17:29:53.857Z[39m [32mDEBUG[39m [97m@wdio/browserstack-service[39m callback: called with events 3
[90m2025-08-11T17:29:54.444Z[39m [32mDEBUG[39m [97m@wdio/browserstack-service[39m Added data to request queue. Queue length = 1
[90m2025-08-11T17:29:54.446Z[39m [32mDEBUG[39m [97m@wdio/browserstack-service[39m Accessibility after test hook. Before sending test stop event
[90m2025-08-11T17:29:54.447Z[39m [32mDEBUG[39m [97m@wdio/browserstack-service[39m Got osVersion from user bstack options
[90m2025-08-11T17:29:54.447Z[39m [32mDEBUG[39m [97m@wdio/browserstack-service[39m Added data to request queue. Queue length = 2
[90m2025-08-11T17:29:54.448Z[39m [32mDEBUG[39m [97m@wdio/browserstack-service[39m Got osVersion from user bstack options
[90m2025-08-11T17:29:54.448Z[39m [32mDEBUG[39m [97m@wdio/browserstack-service[39m Added data to request queue. Queue length = 3
[90m2025-08-11T17:29:54.494Z[39m [32mDEBUG[39m [97m@wdio/browserstack-service[39m Added data to request queue. Queue length = 4
[90m2025-08-11T17:29:54.527Z[39m [32mDEBUG[39m [97m@wdio/browserstack-service[39m Got osVersion from user bstack options
[90m2025-08-11T17:29:54.528Z[39m [32mDEBUG[39m [97m@wdio/browserstack-service[39m Added data to request queue. Queue length = 5
[90m2025-08-11T17:29:54.528Z[39m [96mINFO[39m [97m@wdio/browserstack-service[39m Update job with sessionId 9857cb29614c0044a93adfef580c9b3903155a12
[90m2025-08-11T17:29:54.528Z[39m [32mDEBUG[39m [97m@wdio/browserstack-service[39m Updating Browserstack session at https://api.browserstack.com/automate/sessions/9857cb29614c0044a93adfef580c9b3903155a12.json with request body: 
[90m2025-08-11T17:29:54.738Z[39m [32mDEBUG[39m [97m@wdio/browserstack-service[39m [BATCH_DATA] Success response: {"success":true}
[90m2025-08-11T17:29:54.738Z[39m [32mDEBUG[39m [97m@wdio/browserstack-service[39m callback: marking events success 3
[90m2025-08-11T17:29:54.871Z[39m [32mDEBUG[39m [97m@wdio/browserstack-service[39m Got osVersion from user bstack options
[90m2025-08-11T17:29:54.871Z[39m [32mDEBUG[39m [97m@wdio/browserstack-service[39m Added data to request queue. Queue length = 6
[90m2025-08-11T17:29:55.859Z[39m [32mDEBUG[39m [97m@wdio/browserstack-service[39m Sending data from request queue. Data length = 6, Queue length after removal = 0
[90m2025-08-11T17:29:55.859Z[39m [32mDEBUG[39m [97m@wdio/browserstack-service[39m calling callback with kind INTERVAL_QUEUE
[90m2025-08-11T17:29:55.859Z[39m [32mDEBUG[39m [97m@wdio/browserstack-service[39m callback: called with events 6
[90m2025-08-11T17:29:56.244Z[39m [32mDEBUG[39m [97m@wdio/browserstack-service[39m [BATCH_DATA] Success response: {"success":true}
[90m2025-08-11T17:29:56.244Z[39m [32mDEBUG[39m [97m@wdio/browserstack-service[39m callback: marking events success 6
[90m2025-08-11T17:29:58.144Z[39m [32mDEBUG[39m [97m@wdio/browserstack-service[39m Added data to request queue. Queue length = 1
[90m2025-08-11T17:29:58.145Z[39m [32mDEBUG[39m [97m@wdio/browserstack-service[39m Accessibility after test hook. Before sending test stop event
[90m2025-08-11T17:29:58.145Z[39m [32mDEBUG[39m [97m@wdio/browserstack-service[39m Got osVersion from user bstack options
[90m2025-08-11T17:29:58.145Z[39m [32mDEBUG[39m [97m@wdio/browserstack-service[39m Added data to request queue. Queue length = 2
[90m2025-08-11T17:29:58.148Z[39m [96mINFO[39m [97m@wdio/browserstack-service[39m Update job with sessionId 9857cb29614c0044a93adfef580c9b3903155a12
[90m2025-08-11T17:29:58.148Z[39m [32mDEBUG[39m [97m@wdio/browserstack-service[39m Updating Browserstack session at https://api.browserstack.com/automate/sessions/9857cb29614c0044a93adfef580c9b3903155a12.json with request body: 
[90m2025-08-11T17:29:58.525Z[39m [32mDEBUG[39m [97m@wdio/browserstack-service[39m teardown started
[90m2025-08-11T17:29:58.525Z[39m [32mDEBUG[39m [97m@wdio/browserstack-service[39m shutdown started
[90m2025-08-11T17:29:58.525Z[39m [32mDEBUG[39m [97m@wdio/browserstack-service[39m Shutting down request queue
[90m2025-08-11T17:29:58.525Z[39m [32mDEBUG[39m [97m@wdio/browserstack-service[39m calling callback with kind SHUTDOWN_QUEUE
[90m2025-08-11T17:29:58.525Z[39m [32mDEBUG[39m [97m@wdio/browserstack-service[39m callback: called with events 2
[90m2025-08-11T17:29:58.815Z[39m [32mDEBUG[39m [97m@wdio/browserstack-service[39m [BATCH_DATA] Success response: {"success":true}
[90m2025-08-11T17:29:58.815Z[39m [32mDEBUG[39m [97m@wdio/browserstack-service[39m callback: marking events success 2
[90m2025-08-11T17:29:58.815Z[39m [32mDEBUG[39m [97m@wdio/browserstack-service[39m shutdown ended
[90m2025-08-11T17:29:58.815Z[39m [32mDEBUG[39m [97m@wdio/browserstack-service[39m teardown ended
[90m2025-08-11T17:30:00.165Z[39m [32mDEBUG[39m [97m@wdio/browserstack-service[39m Added data to request queue. Queue length = 1
[90m2025-08-11T17:30:00.165Z[39m [32mDEBUG[39m [97m@wdio/browserstack-service[39m Force request-queue shutdown, as test run event is received after teardown
[90m2025-08-11T17:30:00.165Z[39m [32mDEBUG[39m [97m@wdio/browserstack-service[39m Sending data from request queue. Data length = 1, Queue length after removal = 0
[90m2025-08-11T17:30:00.165Z[39m [32mDEBUG[39m [97m@wdio/browserstack-service[39m calling callback with kind INTERVAL_QUEUE
[90m2025-08-11T17:30:00.165Z[39m [32mDEBUG[39m [97m@wdio/browserstack-service[39m callback: called with events 1
[90m2025-08-11T17:30:00.535Z[39m [32mDEBUG[39m [97m@wdio/browserstack-service[39m Inside OnComplete hook..
[90m2025-08-11T17:30:00.535Z[39m [32mDEBUG[39m [97m@wdio/browserstack-service[39m Sending stop launch event
[90m2025-08-11T17:30:02.150Z[39m [32mDEBUG[39m [97m@wdio/browserstack-service[39m [STOP_BUILD] Success response: 
[90m2025-08-11T17:30:02.152Z[39m [96mINFO[39m [97m@wdio/browserstack-service[39m Browserstack Local successfully started after 1614.9412920000032ms
[90m2025-08-11T17:30:02.157Z[39m [96mINFO[39m [97m@wdio/browserstack-service[39m BrowserStack service run ended for id: 2e8ca255-7a03-45eb-ab72-b937770bbcc9 testhub id: tctkh87vlqwa1t5hunkc3rduakecn6nnovhjxign
[90m2025-08-11T17:30:02.159Z[39m [32mDEBUG[39m [97m@wdio/browserstack-service[39m Reading worker file worker-data-52010.json
[90m2025-08-11T17:30:02.161Z[39m [32mDEBUG[39m [97m@wdio/browserstack-service[39m Sending SDK event with data {
  userName: '[REDACTED]',
  accessKey: '[REDACTED]',
  event_type: 'SDKTestSuccessful',
  detectedFramework: 'WebdriverIO-mocha',
  event_properties: {
    sdkRunId: '2e8ca255-7a03-45eb-ab72-b937770bbcc9',
    testhub_uuid: 'tctkh87vlqwa1t5hunkc3rduakecn6nnovhjxign',
    language_framework: 'WebdriverIO_mocha',
    referrer: 'WebdriverIO-mocha/9.18.4',
    language: 'WebdriverIO',
    languageVersion: 'v22.15.1',
    buildName: 'undefined',
    buildIdentifier: 'undefined',
    os: 'Darwin',
    hostname: 'Adarsh-RG9M5920FF',
    productMap: {
      observability: true,
      accessibility: null,
      percy: false,
      automate: true,
      app_automate: false
    },
    product: [ 'observability', 'automate' ],
    framework: 'mocha',
    productUsage: {
      testObservability: {
        enabled: true,
        manuallySet: false,
        buildHashedId: 'tctkh87vlqwa1t5hunkc3rduakecn6nnovhjxign',
        events: {
          buildEvents: {
            started: { isTriggered: true, status: 'success', error: undefined },
            finished: { isTriggered: true, status: 'success', error: undefined }
          },
          testEvents: {
            started: { triggeredCount: 2, sentCount: 2, failedCount: 0 },
            finished: { triggeredCount: 2, sentCount: 2, failedCount: 0 },
            passed: { triggeredCount: 2, sentCount: 2, failedCount: 0 }
          },
          hookEvents: {
            started: { triggeredCount: 2, sentCount: 2, failedCount: 0 },
            finished: { triggeredCount: 2, sentCount: 2, failedCount: 0 },
            passed: { triggeredCount: 2, sentCount: 2, failedCount: 0 }
          },
          logEvents: {
            triggeredCount: 3,
            sentCount: 3,
            failedCount: 0,
            http: { triggeredCount: 3, sentCount: 3, failedCount: 0 }
          },
          cbtSessionEvents: { triggeredCount: 0, sentCount: 0, failedCount: 0 }
        }
      }
    }
  }
}
[90m2025-08-11T17:30:02.522Z[39m [32mDEBUG[39m [97m@wdio/browserstack-service[39m Funnel Event Response: "{\"message\":\"SDK Event recorded successfully\"}"
[90m2025-08-11T17:30:02.522Z[39m [32mDEBUG[39m [97m@wdio/browserstack-service[39m Funnel event success
[90m2025-08-11T17:30:04.529Z[39m [96mINFO[39m [97m@wdio/browserstack-service[39m Upload response: {
  "status": "success",
  "message": "Logs upload successful in file - logs.gz"
}
[90m2025-08-11T17:30:04.530Z[39m [32mDEBUG[39m [97m@wdio/browserstack-service[39m Response - {
  status: 'success',
  message: 'Logs upload successful in file - logs.gz'
}
[90m2025-08-11T17:30:08.837Z[39m [32mDEBUG[39m [97m@wdio/browserstack-service[39m Successfully uploaded performance events Bravo
